Resolving dependencies...
Downloading packages...
  _fe_analyzer_shared 93.0.0 (105.0.0 available)
  analyzer 10.0.1 (14.1.0 available)
  code_assets 1.2.1 (2.0.0 available)
  dart_style 3.1.7 (3.1.12 available)
  device_info_plus 11.5.0 (13.2.0 available)
  device_info_plus_platform_interface 7.0.3 (8.1.0 available)
  file_picker 11.0.3 (12.0.0 available)
  file_saver 0.3.1 (0.4.0 available)
  file_selector_android 0.5.2+6 (0.5.2+9 available)
  flutter_quill 11.5.0 (11.5.1 available)
  flutter_secure_storage 10.3.1 (11.0.0 available)
  flutter_secure_storage_darwin 0.3.2 (0.4.0 available)
  flutter_secure_storage_windows 4.1.0 (4.2.2 available)
  google_sign_in_android 7.2.11 (7.2.16 available)
  hooks 2.0.2 (2.2.0 available)
  image 4.8.0 (4.9.1 available)
  image_picker_android 0.8.13+17 (0.8.13+19 available)
  intl 0.20.2 (0.20.3 available)
  matcher 0.12.18 (0.12.20 available)
  material_color_utilities 0.13.0 (0.13.1 available)
  meta 1.17.0 (1.19.0 available)
  open_xml 0.2.0 (0.3.1 available)
  package_config 2.2.0 (3.0.0 available)
  pdfrx_engine 0.4.5 (0.4.6 available)
  quill_native_bridge 11.1.0 (11.2.0 available)
  quill_native_bridge_android 0.0.1+2 (0.0.2 available)
  quill_native_bridge_windows 0.0.2 (0.1.0 available)
  record_use 0.6.0 (1.1.1 available)
  shared_preferences_android 2.4.23 (2.4.27 available)
  syncfusion_flutter_core 33.2.15 (34.2.4 available)
  syncfusion_flutter_xlsio 33.2.13 (34.2.4 available)
  syncfusion_officecore 33.2.15 (34.2.4 available)
  synchronized 3.4.0+1 (3.4.1+2 available)
  test_api 0.7.9 (0.7.13 available)
  url_launcher_android 6.3.30 (6.3.32 available)
  vector_math 2.2.0 (2.4.2 available)
  video_player 2.11.1 (2.14.0 available)
  video_player_android 2.9.5 (2.12.0 available)
  vm_service 15.2.0 (15.3.0 available)
  win32 5.15.0 (6.4.0 available)
  win32_registry 2.1.0 (3.0.3 available)
  xml 6.6.1 (7.0.1 available)
Got dependencies!
42 packages have newer versions incompatible with dependency constraints.
Try `flutter pub outdated` for more information.
Running Gradle task 'assembleRelease'...
Checking the license for package Android SDK Platform 31 in /opt/android-sdk/licenses
License for package Android SDK Platform 31 accepted.
Preparing "Install Android SDK Platform 31 (revision 1)".
"Install Android SDK Platform 31 (revision 1)" ready.
Installing Android SDK Platform 31 in /opt/android-sdk/platforms/android-31
"Install Android SDK Platform 31 (revision 1)" complete.
"Install Android SDK Platform 31 (revision 1)" finished.
[=========                              ] 25%
[=========                              ] 25% Fetch remote repository...
[=======================================] 100% Fetch remote repository...
Font asset "MaterialIcons-Regular.otf" was tree-shaken, reducing it from 1645184 to 11412 bytes (99.3% reduction). Tree-shaking can be disabled by providing the --no-tree-shake-icons flag when building your app.
Checking the license for package CMake 3.22.1 in /opt/android-sdk/licenses
License for package CMake 3.22.1 accepted.
Preparing "Install CMake 3.22.1 v.3.22.1".
"Install CMake 3.22.1 v.3.22.1" ready.
Installing CMake 3.22.1 in /opt/android-sdk/cmake/3.22.1
"Install CMake 3.22.1 v.3.22.1" complete.
"Install CMake 3.22.1 v.3.22.1" finished.
Resolving dependencies...
Downloading packages...
+ adaptive_number 1.0.0
+ args 2.4.2 (2.7.0 available)
+ async 2.13.1
+ build_tool 1.0.0 from path /home/jules/.pub-cache/hosted/pub.dev/irondash_engine_context-0.5.5/cargokit/gradle/../build_tool
+ collection 1.18.0 (1.19.1 available)
+ convert 3.1.1 (3.1.2 available)
+ crypto 3.0.3 (3.0.7 available)
+ ed25519_edwards 0.3.1
+ fixnum 1.1.1
+ github 9.17.0 (9.26.0 available)
+ hex 0.2.0
+ http 1.1.0 (1.6.0 available)
+ http_parser 4.0.2 (4.1.2 available)
+ json_annotation 4.12.0
+ logging 1.2.0 (1.3.0 available)
+ meta 1.19.0
+ path 1.8.0 (1.9.1 available)
+ petitparser 5.4.0 (7.0.2 available)
+ source_span 1.10.0 (1.10.2 available)
+ string_scanner 1.4.1
+ term_glyph 1.2.2
+ toml 0.14.0 (0.18.0 available)
+ typed_data 1.4.0
+ version 3.0.0 (3.0.2 available)
+ yaml 3.1.2 (3.1.3 available)
Changed 25 dependencies!
14 packages have newer versions incompatible with dependency constraints.
Try `dart pub outdated` for more information.
Compiling bin/build_tool_runner.dart to kernel file bin/build_tool_runner.dill.
INFO: Precompiled binaries are disabled
INFO: Installing Rust target: armv7-linux-androideabi
INFO: Building irondash_engine_context_native for armv7-linux-androideabi
INFO: Installing Rust target: aarch64-linux-android
INFO: Building irondash_engine_context_native for aarch64-linux-android
INFO: Installing Rust target: x86_64-linux-android
INFO: Building irondash_engine_context_native for x86_64-linux-android
Resolving dependencies...
Downloading packages...
+ adaptive_number 1.0.0
+ args 2.4.2 (2.7.0 available)
+ async 2.13.1
+ build_tool 1.0.0 from path /home/jules/.pub-cache/hosted/pub.dev/super_native_extensions-0.9.1/cargokit/gradle/../build_tool
+ collection 1.18.0 (1.19.1 available)
+ convert 3.1.1 (3.1.2 available)
+ crypto 3.0.3 (3.0.7 available)
+ ed25519_edwards 0.3.1
+ fixnum 1.1.1
+ github 9.17.0 (9.26.0 available)
+ hex 0.2.0
+ http 1.1.0 (1.6.0 available)
+ http_parser 4.0.2 (4.1.2 available)
+ json_annotation 4.12.0
+ logging 1.2.0 (1.3.0 available)
+ meta 1.19.0
+ path 1.8.0 (1.9.1 available)
+ petitparser 5.4.0 (7.0.2 available)
+ source_span 1.10.0 (1.10.2 available)
+ string_scanner 1.4.1
+ term_glyph 1.2.2
+ toml 0.14.0 (0.18.0 available)
+ typed_data 1.4.0
+ version 3.0.0 (3.0.2 available)
+ yaml 3.1.2 (3.1.3 available)
Changed 25 dependencies!
14 packages have newer versions incompatible with dependency constraints.
Try `dart pub outdated` for more information.
Compiling bin/build_tool_runner.dart to kernel file bin/build_tool_runner.dill.
INFO: Precompiled binaries are disabled
INFO: Building super_native_extensions for armv7-linux-androideabi
INFO: Building super_native_extensions for aarch64-linux-android
INFO: Building super_native_extensions for x86_64-linux-android
